#-----------------------------------------------------------
# Vivado v2021.2 (64-bit)
# SW Build 3367213 on Tue Oct 19 02:47:39 MDT 2021
# IP Build 3369179 on Thu Oct 21 08:25:16 MDT 2021
# Start of session at: Tue Mar  8 17:16:30 2022
# Process ID: 38939
# Current directory: /home/user/ebaz4205_stmp3770_debuggr/ebaz4205_stmp3770_debuggr.runs/ZYNQ_CORE_sjtag_top_mod_0_0_synth_1
# Command line: vivado -log ZYNQ_CORE_sjtag_top_mod_0_0.vds -product Vivado -mode batch -messageDb vivado.pb -notrace -source ZYNQ_CORE_sjtag_top_mod_0_0.tcl
# Log file: /home/user/ebaz4205_stmp3770_debuggr/ebaz4205_stmp3770_debuggr.runs/ZYNQ_CORE_sjtag_top_mod_0_0_synth_1/ZYNQ_CORE_sjtag_top_mod_0_0.vds
# Journal file: /home/user/ebaz4205_stmp3770_debuggr/ebaz4205_stmp3770_debuggr.runs/ZYNQ_CORE_sjtag_top_mod_0_0_synth_1/vivado.jou
# Running On: user-manjaro, OS: Linux, CPU Frequency: 4223.229 MHz, CPU Physical cores: 24, Host memory: 33631 MB
#-----------------------------------------------------------
source ZYNQ_CORE_sjtag_top_mod_0_0.tcl -notrace
